          ============================================================
          |                                                          |
          |            Crystallography & NMR System (CNS)            |
          |                         CNSsolve                         |
          |                                                          |
          ============================================================
           Version: 1.3
           Status: General release
          ============================================================
           Written by: A.T.Brunger, P.D.Adams, G.M.Clore, W.L.DeLano,
                       P.Gros, R.W.Grosse-Kunstleve,J.-S.Jiang,J.M.Krahn,
                       J.Kuszewski, M.Nilges, N.S.Pannu, R.J.Read,
                       L.M.Rice, G.F.Schroeder, T.Simonson, G.L.Warren.
           Copyright (c) 1997-2010 Yale University
          ============================================================
           Running on machine: atbmac2.stanford.edu (Mac/Intel,64-bit)
                               with  4 threads
           Program started by: brunger
           Program started at: 11:02:39 on 07-Nov-2011
          ============================================================

 FFT3C: Using FFTPACK4.1

 CNSsolve> 
 CNSsolve>evaluate ( $abc = "abcdefghijklmnopqrstuvwxyz" ) 
 EVALUATE: symbol $ABC set to "abcdefghijklmnopqrstuvwxyz" (string)
 CNSsolve>evaluate ( $1 = len($abc) ) 
 EVALUATE: symbol $1 set to    26.0000     (real)
 CNSsolve>evaluate ( $1 = len("123") ) 
 EVALUATE: symbol $1 set to    3.00000     (real)
 CNSsolve>evaluate ( $1 = substr($abc,15,19) ) 
 EVALUATE: symbol $1 set to "opqrs" (string)
 CNSsolve>evaluate ( $1 = substr($abc,-15,19) ) 
 EVALUATE: symbol $1 set to "lmnopqrs" (string)
 CNSsolve>evaluate ( $1 = substr($abc,-15,-1) ) 
 EVALUATE: symbol $1 set to "lmnopqrstuvwxyz" (string)
 CNSsolve>evaluate ( $1 = substr($abc,22,99) ) 
 EVALUATE: symbol $1 set to "vwxyz" (string)
 CNSsolve>evaluate ( $1 = index($abc,"x") ) 
 EVALUATE: symbol $1 set to    24.0000     (real)
 CNSsolve>evaluate ( $1 = index($abc+$abc,"x") ) 
 EVALUATE: symbol $1 set to    24.0000     (real)
 CNSsolve>evaluate ( $1 = index($abc,"9") ) 
 EVALUATE: symbol $1 set to    0.00000     (real)
 CNSsolve>evaluate ( $1 = rindex($abc,"x") ) 
 EVALUATE: symbol $1 set to    24.0000     (real)
 CNSsolve>evaluate ( $1 = rindex($abc+$abc,"x") ) 
 EVALUATE: symbol $1 set to    50.0000     (real)
 CNSsolve>evaluate ( $1 = rindex($abc,"9") ) 
 EVALUATE: symbol $1 set to    0.00000     (real)
 CNSsolve>evaluate ( $1 = "d" * 20 ) 
 EVALUATE: symbol $1 set to "dddddddddddddddddddd" (string)
 CNSsolve>evaluate ( $1 = adjustl("   xyz   ") ) 
 EVALUATE: symbol $1 set to "xyz      " (string)
 CNSsolve>evaluate ( $1 = trim(adjustl("   xyz   ")) ) 
 EVALUATE: symbol $1 set to "xyz" (string)
 CNSsolve>evaluate ( $1 = trim("   xyz   ") ) 
 EVALUATE: symbol $1 set to "   xyz" (string)
 CNSsolve>evaluate ( $1 = match($abc,"*") ) 
 EVALUATE: symbol $1 set to TRUE (logical)
 CNSsolve>evaluate ( $1 = trim(adjustl(format("F10.2",1/3))) ) 
 EVALUATE: symbol $1 set to "0.33" (string)
 CNSsolve>evaluate ( $1 = trim(adjustl(format("F10.2",1/3))) ) 
 EVALUATE: symbol $1 set to "0.33" (string)
 CNSsolve>evaluate ( $1 = decode(trim(adjustl(format("F10.2",1/3)))) * 4 ) 
 EVALUATE: symbol $1 set to    1.32000     (real)
 CNSsolve>evaluate ( $1 = match($abc,"*bcd*") ) 
 EVALUATE: symbol $1 set to TRUE (logical)
 CNSsolve>evaluate ( $1 = match($abc,"*bc#*") ) 
 EVALUATE: symbol $1 set to TRUE (logical)
 CNSsolve>evaluate ( $1 = match($abc,"*bc%*") ) 
 EVALUATE: symbol $1 set to TRUE (logical)
 CNSsolve>evaluate ( $1 = match($abc,"*bc+*") ) 
 EVALUATE: symbol $1 set to FALSE (logical)
 CNSsolve>! Test for wildcard escapes 
 CNSsolve>evaluate ( $1 = match("*#%+","*#%+") ) 
 EVALUATE: symbol $1 set to FALSE (logical)
 CNSsolve> 
 CNSsolve>evaluate ( $1 = match("*#%+","\*\#\%\+") ) 
 EVALUATE: symbol $1 set to TRUE (logical)
 CNSsolve>evaluate ( $1 = match("abc*", "abc*" ) ) 
 EVALUATE: symbol $1 set to TRUE (logical)
 CNSsolve>evaluate ( $1 = match("abcd", "abc*" ) ) 
 EVALUATE: symbol $1 set to TRUE (logical)
 CNSsolve>evaluate ( $1 = match("abc*", "abc\*") ) 
 EVALUATE: symbol $1 set to TRUE (logical)
 CNSsolve>evaluate ( $1 = match("abcd", "abc\*" ) ) 
 EVALUATE: symbol $1 set to FALSE (logical)
 CNSsolve> 
 CNSsolve>eval($t= "15:49:00.3" )   ! from $time 
 EVALUATE: symbol $T set to "15:49:00.3" (string)
 CNSsolve>eval($start=(decode(substr($t,1,2)) * 60 
 Expression=            + decode(substr($t,4,5))) * 60 + decode(substr($t,7,10))) 
 EVALUATE: symbol $START set to    56940.3     (real)
 CNSsolve> 
 CNSsolve>display $start 
56940.3
 CNSsolve> 
 CNSsolve>stop 
          ============================================================
           Maximum dynamic memory allocation:     8201488 bytes
           Maximum dynamic memory overhead:           208 bytes
           Program started at: 11:02:39 on 07-Nov-2011
           Program stopped at: 11:02:39 on 07-Nov-2011
           CPU time used:       0.0100 seconds
          ============================================================
